// Jest Snapshot v1, https://goo.gl/fbAQLP

exports[`Snapshot test for Profile 1`] = `
Array [
  <header>
    <MockNavbar />
  </header>,
  <main>
    <div
      className="my-6 grid grid-cols-1 gap-6"
    >
      <MockHero />
      <MockLanguagesChart />
    </div>
  </main>,
  <footer
    className="text-center"
  >
    <MockCopyright />
  </footer>,
]
`;
